2025-07-07 09:17:55,879 - INFO - [ctx=b1957fc8-dd49-4898-b288-3f97c8131aec_vitis_hls_vitis_hls] - vitis_hls.py:60 - 
****** Vitis HLS - High-Level Synthesis from C, C++ and OpenCL v2022.1 (64-bit)
  **** SW Build 3526262 on Mon Apr 18 15:47:01 MDT 2022
  **** IP Build 3524634 on Mon Apr 18 20:55:01 MDT 2022
    ** Copyright 1986-2022 Xilinx, Inc. All Rights Reserved.

source /home/wjw/tools/xilinx/Vitis_HLS/2022.1/scripts/vitis_hls/hls.tcl -notrace
INFO: [HLS 200-10] Running '/home/wjw/tools/xilinx/Vitis_HLS/2022.1/bin/unwrapped/lnx64.o/vitis_hls'
INFO: [HLS 200-10] For user 'wjw' on host 'wjw-VMware-Virtual-Platform' (Linux_x86_64 version 6.11.0-29-generic) on Mon Jul 07 09:17:46 CST 2025
INFO: [HLS 200-10] On os Ubuntu 24.04.1 LTS
INFO: [HLS 200-10] In directory '/home/wjw/Desktop/workspace/hgbo/HGBO-DSE/b1957fc8-dd49-4898-b288-3f97c8131aec_vitis_hls'
Sourcing Tcl script '/home/wjw/Desktop/workspace/hgbo/HGBO-DSE/dse_ds/MachSuite/motpe_fl_ds/bfs/bulk/p1/script/hls_0.tcl'
INFO: [HLS 200-1510] Running: open_project bfs_motpe_fl_prj_p1 
INFO: [HLS 200-10] Opening project '/home/wjw/Desktop/workspace/hgbo/HGBO-DSE/benchmark/MachSuite/bfs/bulk/bfs_motpe_fl_prj_p1'.
INFO: [HLS 200-1510] Running: add_files bfs.c 
INFO: [HLS 200-10] Adding design file 'bfs.c' to the project
INFO: [HLS 200-1510] Running: add_files local_support.c 
INFO: [HLS 200-10] Adding design file 'local_support.c' to the project
INFO: [HLS 200-1510] Running: set_top bfs 
INFO: [HLS 200-1510] Running: open_solution -reset solution 
INFO: [HLS 200-10] Opening and resetting solution '/home/wjw/Desktop/workspace/hgbo/HGBO-DSE/benchmark/MachSuite/bfs/bulk/bfs_motpe_fl_prj_p1/solution'.
INFO: [HLS 200-10] Cleaning up the solution database.
WARNING: [HLS 200-40] No /home/wjw/Desktop/workspace/hgbo/HGBO-DSE/benchmark/MachSuite/bfs/bulk/bfs_motpe_fl_prj_p1/solution/solution.aps file found.
INFO: [HLS 200-1505] Using default flow_target 'vivado'
Resolution: For help on HLS 200-1505 see www.xilinx.com/cgi-bin/docs/rdoc?v=2022.1;t=hls+guidance;d=200-1505.html
INFO: [HLS 200-435] Setting 'open_solution -flow_target vivado' configuration: config_interface -m_axi_latency=0
INFO: [HLS 200-1510] Running: set_part xc7vx485tffg1761-2 
INFO: [HLS 200-1611] Setting target device to 'xc7vx485t-ffg1761-2'
INFO: [HLS 200-1510] Running: create_clock -period 10 
INFO: [SYN 201-201] Setting up clock 'default' with a period of 10ns.
INFO: [HLS 200-1510] Running: set_directive_expression_balance -off bfs 
INFO: [HLS 200-1510] Running: set_directive_unroll -factor 2 bfs/loop_nodes 
INFO: [HLS 200-1510] Running: set_directive_unroll -factor 2 bfs/loop_neighbors 
INFO: [HLS 200-1510] Running: set_directive_pipeline -off bfs/loop_neighbors 
INFO: [HLS 200-1510] Running: set_directive_array_reshape -factor 2 -type block bfs nodes 
INFO: [HLS 200-1510] Running: set_directive_array_reshape -factor 2 -type cyclic bfs edges 
INFO: [HLS 200-1510] Running: set_directive_bind_op -op add -impl dsp -latency -1 bfs/loop_horizons horizon 
INFO: [HLS 200-1510] Running: set_directive_bind_op -op add -impl fabric -latency -1 bfs/loop_nodes n 
INFO: [HLS 200-1510] Running: set_directive_bind_op -op add -impl dsp -latency -1 bfs/loop_neighbors e 
INFO: [HLS 200-1510] Running: set_directive_bind_op -op add -impl fabric -latency -1 bfs/loop_neighbors cnt 
INFO: [HLS 200-1510] Running: csynth_design 
INFO: [HLS 200-111] Finished File checks and directory preparation: CPU user time: 0 seconds. CPU system time: 0 seconds. Elapsed time: 0 seconds; current allocated memory: 1.130 GB.
INFO: [HLS 200-10] Analyzing design file 'local_support.c' ... 
INFO: [HLS 200-10] Analyzing design file 'bfs.c' ... 
INFO: [HLS 200-111] Finished Source Code Analysis and Preprocessing: CPU user time: 1.04 seconds. CPU system time: 0.58 seconds. Elapsed time: 1.59 seconds; current allocated memory: 125.520 MB.
INFO: [HLS 200-777] Using interface defaults for 'Vivado' flow target.
INFO: [HLS 214-188] Unrolling loop 'loop_nodes' (bfs.c:24:17) in function 'bfs' partially with a factor of 2 (bfs.c:12:0)
INFO: [HLS 214-241] Aggregating bram variable 'nodes' with compact=bit mode in 128-bits
INFO: [HLS 214-241] Aggregating bram variable 'edges' with compact=bit mode in 64-bits
INFO: [HLS 214-248] Applying array_reshape to 'nodes': Block reshaping with factor 2 on dimension 1. (bfs.c:12:0)
INFO: [HLS 214-248] Applying array_reshape to 'edges': Cyclic reshaping with factor 2 on dimension 1. (bfs.c:12:0)
INFO: [HLS 200-111] Finished Compiling Optimization and Transform: CPU user time: 1.97 seconds. CPU system time: 0.46 seconds. Elapsed time: 2.71 seconds; current allocated memory: 125.844 MB.
INFO: [HLS 200-111] Finished Checking Pragmas: CPU user time: 0 seconds. CPU system time: 0 seconds. Elapsed time: 0 seconds; current allocated memory: 125.844 MB.
INFO: [HLS 200-10] Starting code transformations ...
INFO: [HLS 200-111] Finished Standard Transforms: CPU user time: 0.02 seconds. CPU system time: 0.01 seconds. Elapsed time: 0.1 seconds; current allocated memory: 126.680 MB.
INFO: [HLS 200-10] Checking synthesizability ...
WARNING: [SYNCHK 200-23] bfs.c:26: variable-indexed range selection may cause suboptimal QoR.
INFO: [SYNCHK 200-10] 0 error(s), 1 warning(s).
INFO: [HLS 200-111] Finished Checking Synthesizability: CPU user time: 0 seconds. CPU system time: 0 seconds. Elapsed time: 0.01 seconds; current allocated memory: 126.750 MB.
INFO: [XFORM 203-501] Unrolling loop 'loop_neighbors' (bfs.c:14) in function 'bfs' partially with a factor of 2.
INFO: [HLS 200-111] Finished Loop, function and other optimizations: CPU user time: 0.04 seconds. CPU system time: 0.01 seconds. Elapsed time: 0.06 seconds; current allocated memory: 148.543 MB.
INFO: [HLS 200-111] Finished Architecture Synthesis: CPU user time: 0.03 seconds. CPU system time: 0 seconds. Elapsed time: 0.03 seconds; current allocated memory: 148.543 MB.
INFO: [HLS 200-10] Starting hardware synthesis ...
INFO: [HLS 200-10] Synthesizing 'bfs' ...
INFO: [HLS 200-10] ----------------------------------------------------------------
INFO: [HLS 200-42] -- Implementing module 'bfs' 
INFO: [HLS 200-10] ----------------------------------------------------------------
INFO: [SCHED 204-11] Starting scheduling ...
INFO: [SCHED 204-11] Finished scheduling.
INFO: [HLS 200-111] Finished Scheduling: CPU user time: 0.07 seconds. CPU system time: 0.01 seconds. Elapsed time: 0.11 seconds; current allocated memory: 148.543 MB.
INFO: [BIND 205-100] Starting micro-architecture generation ...
INFO: [BIND 205-101] Performing variable lifetime analysis.
INFO: [BIND 205-101] Exploring resource sharing.
INFO: [BIND 205-101] Binding ...
INFO: [BIND 205-100] Finished micro-architecture generation.
INFO: [HLS 200-111] Finished Binding: CPU user time: 0.07 seconds. CPU system time: 0 seconds. Elapsed time: 0.08 seconds; current allocated memory: 148.543 MB.
INFO: [HLS 200-10] ----------------------------------------------------------------
INFO: [HLS 200-10] -- Generating RTL for module 'bfs' 
INFO: [HLS 200-10] ----------------------------------------------------------------
INFO: [RTGEN 206-500] Setting interface mode on port 'bfs/nodes' to 'ap_memory'.
INFO: [RTGEN 206-500] Setting interface mode on port 'bfs/edges' to 'ap_memory'.
INFO: [RTGEN 206-500] Setting interface mode on port 'bfs/starting_node' to 'ap_none'.
INFO: [RTGEN 206-500] Setting interface mode on port 'bfs/level' to 'ap_memory'.
INFO: [RTGEN 206-500] Setting interface mode on port 'bfs/level_counts' to 'ap_memory'.
INFO: [RTGEN 206-500] Setting interface mode on function 'bfs' to 'ap_ctrl_hs'.
INFO: [RTGEN 206-100] Finished creating RTL model for 'bfs'.
INFO: [HLS 200-111] Finished Creating RTL model: CPU user time: 0.08 seconds. CPU system time: 0 seconds. Elapsed time: 0.08 seconds; current allocated memory: 148.543 MB.
INFO: [HLS 200-111] Finished Generating all RTL models: CPU user time: 0.27 seconds. CPU system time: 0 seconds. Elapsed time: 0.29 seconds; current allocated memory: 149.211 MB.
INFO: [HLS 200-111] Finished Updating report files: CPU user time: 0.15 seconds. CPU system time: 0 seconds. Elapsed time: 0.15 seconds; current allocated memory: 150.027 MB.
INFO: [VHDL 208-304] Generating VHDL RTL for bfs.
INFO: [VLOG 209-307] Generating Verilog RTL for bfs.
INFO: [HLS 200-790] **** Loop Constraint Status: All loop constraints were satisfied.
INFO: [HLS 200-789] **** Estimated Fmax: 144.84 MHz
INFO: [HLS 200-111] Finished Command csynth_design CPU user time: 3.75 seconds. CPU system time: 1.07 seconds. Elapsed time: 5.21 seconds; current allocated memory: -1007.285 MB.
INFO: [HLS 200-112] Total CPU user time: 5.74 seconds. Total CPU system time: 4.2 seconds. Total elapsed time: 9.68 seconds; peak allocated memory: 1.130 GB.
INFO: [Common 17-206] Exiting vitis_hls at Mon Jul  7 09:17:55 2025...

