2025-07-07 09:17:44,261 - INFO - [ctx=b1957fc8-dd49-4898-b288-3f97c8131aec] - common.py:31 - top:
    - bfs
funcList:
    -
loopList:
    group1:
        level:
            - bfs/loop_horizons
            - bfs/loop_nodes
            - bfs/loop_neighbors
        unroll:
            - bfs/loop_horizons
            - bfs/loop_nodes
            - bfs/loop_neighbors
        pipeline:
            - bfs/loop_neighbors
        flatten:
            - 
arrList:
    -
interList:
    - bfs nodes
    - bfs edges
    - bfs level
    - bfs level_counts
dictOp:
    int:
        bfs/loop_horizons horizon:
            - add
        bfs/loop_nodes n:
            - add
        bfs/loop_neighbors e:
            - add
        bfs/loop_neighbors cnt:
            - add
    float:
        -
    double:
        -
    half:
        -
2025-07-07 09:17:44,263 - INFO - [ctx=b1957fc8-dd49-4898-b288-3f97c8131aec] - common.py:31 - inline:
  - '-on'
  - '-off'
balance:
  - '-on'
  - '-off'
style:
  - stp
  - flp
  - frp
factor:
  - 0
  - 2
state:
  - '-on'
  - '-off'
arrtype:
  - block
  - cyclic
opimpl:
  int:
    - dsp
    - fabric
  float:
    - fabric
    - fulldsp
    - primitivedsp
  double:
    - fabric
    - fulldsp
  half:
    - fabric
    - fulldsp
sttype:
  - ram_1p
  - ram_1wnr
  - ram_2p
  - ram_s2p
stimpl:
  - bram
stltc:
  - -1
opltc:
  - -1
POW:
  - 0.249
CLK:
  - 3.804
LATENCY:
  - 1000
LUT:
  - 434
FF:
  - 634
DSP:
  - 0
BRAM:
  - 0
URAM:
  - 0
SRL:
  - 0
2025-07-07 09:17:44,265 - INFO - [ctx=b1957fc8-dd49-4898-b288-3f97c8131aec] - hls_basic.py:211 - [INFO] Configuring the design space...
2025-07-07 09:17:44,265 - INFO - [ctx=b1957fc8-dd49-4898-b288-3f97c8131aec] - hls_basic.py:370 - [INFO] Total parameters: 29
2025-07-07 09:17:44,265 - INFO - [ctx=b1957fc8-dd49-4898-b288-3f97c8131aec] - hls_basic.py:371 - [INFO] Design space configuration done!
2025-07-07 09:17:44,269 - INFO - [ctx=b1957fc8-dd49-4898-b288-3f97c8131aec] - hls_dse.py:171 - Using Sqlite Database to store data!
2025-07-07 09:17:44,269 - INFO - [ctx=b1957fc8-dd49-4898-b288-3f97c8131aec] - hls_dse.py:193 - Using Float Encoding and Latin MOTPE based Bayesian Optimization for HLS DSE
2025-07-07 09:17:44,497 - INFO - [ctx=b1957fc8-dd49-4898-b288-3f97c8131aec] - design_space.py:21 - [INFO] Configuring tree-structured design space...
2025-07-07 09:17:44,595 - INFO - [ctx=b1957fc8-dd49-4898-b288-3f97c8131aec] - design_space.py:280 - [INFO] Total parameters: 29
2025-07-07 09:17:44,595 - INFO - [ctx=b1957fc8-dd49-4898-b288-3f97c8131aec] - design_space.py:281 - [INFO] Design space configuration done!
2025-07-07 09:17:44,595 - INFO - [ctx=b1957fc8-dd49-4898-b288-3f97c8131aec] - gen_config.py:162 - [INFO] Using float encoding method!
2025-07-07 09:17:44,596 - INFO - [ctx=b1957fc8-dd49-4898-b288-3f97c8131aec] - gen_config.py:482 - [INFO] Successfully generated Vitis HLS directive.tcl and hls.tcl files !
2025-07-07 09:17:44,596 - INFO - [ctx=b1957fc8-dd49-4898-b288-3f97c8131aec] - hls_dse.py:76 - Running Vitis HLS to get adb and adb.xml files...
2025-07-07 09:17:55,908 - INFO - [ctx=b1957fc8-dd49-4898-b288-3f97c8131aec] - hls_dse.py:85 - Using HGP to predict PPA values...
2025-07-07 09:17:55,948 - INFO - [ctx=b1957fc8-dd49-4898-b288-3f97c8131aec] - get_ppa.py:49 - [INFO] Reading Latency Information...
2025-07-07 09:17:55,955 - INFO - [ctx=b1957fc8-dd49-4898-b288-3f97c8131aec] - get_ppa.py:75 - [INFO] Reading HLS Prediction report...
2025-07-07 09:17:55,957 - INFO - [ctx=b1957fc8-dd49-4898-b288-3f97c8131aec] - get_ppa.py:92 - HLS Prediction Results:
2025-07-07 09:17:55,958 - INFO - [ctx=b1957fc8-dd49-4898-b288-3f97c8131aec] - get_ppa.py:93 - LUT = 4996, FF = 1240, DSP = 0, BRAM = 0, URAM = 0, CP = 6.904000
2025-07-07 09:17:58,420 - INFO - [ctx=b1957fc8-dd49-4898-b288-3f97c8131aec] - hls_dse.py:36 - [Inference] Iteration: 0, Duration: 0:00:13.924855, Params: {'IPF_0': 0.372099145988398, 'IPF_1': 0.12000133697730321, 'IPF_2': 0.2801770119624058, 'IPF_3': 0.48221993009208386, 'IPT_0': 0.23711128729674677, 'IPT_1': 0.6554959873662756, 'IPT_2': 0.358122113138957, 'IPT_3': 0.6289013776962765, 'IRF_0': 0.5355457819716416, 'IRF_1': 0.9463915037154467, 'IRF_2': 0.11553916691329172, 'IRF_3': 0.06071833110104388, 'IRT_0': 0.015016756610590676, 'IRT_1': 0.8296979765735022, 'IRT_2': 0.35010902673239513, 'IRT_3': 0.36919786645442143, 'LP_2': 0.8493479697131717, 'LU_0': 0.19065727050422654, 'LU_1': 0.6129604712918151, 'LU_2': 0.9418029380678064, 'OPI_0': 0.025728081291663787, 'OPI_1': 0.5137503690667535, 'OPI_2': 0.21524839494416134, 'OPI_3': 0.5655714505777139, 'OPL_0': 0.1241095046933049, 'OPL_1': 0.8866928224126324, 'OPL_2': 0.6973375608163735, 'OPL_3': 0.26373313021741085, 'TFB_0': 0.5647271277799606}
2025-07-07 09:17:58,432 - INFO - [ctx=b1957fc8-dd49-4898-b288-3f97c8131aec] - design_space.py:21 - [INFO] Configuring tree-structured design space...
2025-07-07 09:17:58,538 - INFO - [ctx=b1957fc8-dd49-4898-b288-3f97c8131aec] - design_space.py:280 - [INFO] Total parameters: 29
2025-07-07 09:17:58,538 - INFO - [ctx=b1957fc8-dd49-4898-b288-3f97c8131aec] - design_space.py:281 - [INFO] Design space configuration done!
2025-07-07 09:17:58,538 - INFO - [ctx=b1957fc8-dd49-4898-b288-3f97c8131aec] - gen_config.py:162 - [INFO] Using float encoding method!
2025-07-07 09:17:58,539 - INFO - [ctx=b1957fc8-dd49-4898-b288-3f97c8131aec] - gen_config.py:482 - [INFO] Successfully generated Vitis HLS directive.tcl and hls.tcl files !
2025-07-07 09:17:58,539 - INFO - [ctx=b1957fc8-dd49-4898-b288-3f97c8131aec] - hls_dse.py:76 - Running Vitis HLS to get adb and adb.xml files...
